  Bullet.cpp
  Camera.cpp
C:\Users\akdl6\OneDrive\문서\GitHub\Senier_Project\senier_project\LabProject07-9-8\Player.h(1,1): warning C4819: 현재 코드 페이지(949)에서 표시할 수 없는 문자가 파일에 들어 있습니다. 데이터가 손실되지 않게 하려면 해당 파일을 유니코드 형식으로 저장하십시오.
  DDSTextureLoader12.cpp
  GameFramework.cpp
C:\Users\akdl6\OneDrive\문서\GitHub\Senier_Project\senier_project\LabProject07-9-8\GameFramework.cpp(1,1): warning C4819: 현재 코드 페이지(949)에서 표시할 수 없는 문자가 파일에 들어 있습니다. 데이터가 손실되지 않게 하려면 해당 파일을 유니코드 형식으로 저장하십시오.
C:\Users\akdl6\OneDrive\문서\GitHub\Senier_Project\senier_project\LabProject07-9-8\Player.h(1,1): warning C4819: 현재 코드 페이지(949)에서 표시할 수 없는 문자가 파일에 들어 있습니다. 데이터가 손실되지 않게 하려면 해당 파일을 유니코드 형식으로 저장하십시오.
  LabProject07-9-8.cpp
C:\Users\akdl6\OneDrive\문서\GitHub\Senier_Project\senier_project\LabProject07-9-8\Player.h(1,1): warning C4819: 현재 코드 페이지(949)에서 표시할 수 없는 문자가 파일에 들어 있습니다. 데이터가 손실되지 않게 하려면 해당 파일을 유니코드 형식으로 저장하십시오.
  Mesh.cpp
  Object.cpp
C:\Users\akdl6\OneDrive\문서\GitHub\Senier_Project\senier_project\LabProject07-9-8\Player.h(1,1): warning C4819: 현재 코드 페이지(949)에서 표시할 수 없는 문자가 파일에 들어 있습니다. 데이터가 손실되지 않게 하려면 해당 파일을 유니코드 형식으로 저장하십시오.
  Player.cpp
C:\Users\akdl6\OneDrive\문서\GitHub\Senier_Project\senier_project\LabProject07-9-8\Player.cpp(1,1): warning C4819: 현재 코드 페이지(949)에서 표시할 수 없는 문자가 파일에 들어 있습니다. 데이터가 손실되지 않게 하려면 해당 파일을 유니코드 형식으로 저장하십시오.
C:\Users\akdl6\OneDrive\문서\GitHub\Senier_Project\senier_project\LabProject07-9-8\Player.h(1,1): warning C4819: 현재 코드 페이지(949)에서 표시할 수 없는 문자가 파일에 들어 있습니다. 데이터가 손실되지 않게 하려면 해당 파일을 유니코드 형식으로 저장하십시오.
C:\Users\akdl6\OneDrive\문서\GitHub\Senier_Project\senier_project\LabProject07-9-8\Player.cpp(683,39): warning C4244: '=': 'double'에서 'float'(으)로 변환하면서 데이터가 손실될 수 있습니다.
C:\Users\akdl6\OneDrive\문서\GitHub\Senier_Project\senier_project\LabProject07-9-8\Player.cpp(685,39): warning C4244: '=': 'double'에서 'float'(으)로 변환하면서 데이터가 손실될 수 있습니다.
  Raymarcher.cpp
  Scene.cpp
C:\Users\akdl6\OneDrive\문서\GitHub\Senier_Project\senier_project\LabProject07-9-8\Scene.cpp(1,1): warning C4819: 현재 코드 페이지(949)에서 표시할 수 없는 문자가 파일에 들어 있습니다. 데이터가 손실되지 않게 하려면 해당 파일을 유니코드 형식으로 저장하십시오.
C:\Users\akdl6\OneDrive\문서\GitHub\Senier_Project\senier_project\LabProject07-9-8\Player.h(1,1): warning C4819: 현재 코드 페이지(949)에서 표시할 수 없는 문자가 파일에 들어 있습니다. 데이터가 손실되지 않게 하려면 해당 파일을 유니코드 형식으로 저장하십시오.
C:\Users\akdl6\OneDrive\문서\GitHub\Senier_Project\senier_project\LabProject07-9-8\Scene.cpp(190,33): warning C4156: 'delete' 배열 형식을 사용하지 않고 배열 식을 삭제했습니다. 배열 형식이 대체됩니다.
C:\Users\akdl6\OneDrive\문서\GitHub\Senier_Project\senier_project\LabProject07-9-8\Scene.cpp(190,33): warning C4154: 배열 식을 삭제했습니다. 포인터로 변환이 제공됩니다.
  Shader.cpp
  stdafx.cpp
  Timer.cpp
  Voxelizer.cpp
  WICTextureLoader12.cpp
  C/C++ 코드 분석을 실행하고 있습니다...
  코드를 생성하고 있습니다...
  LabProject07-9-8.vcxproj -> C:\Users\akdl6\OneDrive\문서\GitHub\Senier_Project\senier_project\LabProject07-9-8\x64\Debug\LabProject07-9-8.exe
C:\Users\akdl6\OneDrive\문서\GitHub\Senier_Project\senier_project\LabProject07-9-8\Bullet.cpp(4): warning C26495: 'CBulletObject::m_xmf4x4Transform' 변수가 초기화되지 않았습니다. 항상 멤버 변수를 초기화하세요(type.6).
C:\Users\akdl6\OneDrive\문서\GitHub\Senier_Project\senier_project\LabProject07-9-8\Bullet.cpp(9): warning C26495: 'CBulletObject::m_xmf4x4Transform' 변수가 초기화되지 않았습니다. 항상 멤버 변수를 초기화하세요(type.6).
C:\Users\akdl6\OneDrive\문서\GitHub\Senier_Project\senier_project\LabProject07-9-8\d3dx12.h(1488): warning C26451: 산술 오버플로: 4 바이트 값의 '*' 연산자를 사용한 다음 결과를 8 바이트 값에 캐스트합니다. 오버플로를 방지하려면 '*' 연산자를 호출하기 전에 더 광범위한 형식에 값을 캐스트합니다(io.2).
C:\Users\akdl6\OneDrive\문서\GitHub\Senier_Project\senier_project\LabProject07-9-8\d3dx12.h(1527): warning C26451: 산술 오버플로: 4 바이트 값의 '*' 연산자를 사용한 다음 결과를 8 바이트 값에 캐스트합니다. 오버플로를 방지하려면 '*' 연산자를 호출하기 전에 더 광범위한 형식에 값을 캐스트합니다(io.2).
C:\Users\akdl6\OneDrive\문서\GitHub\Senier_Project\senier_project\LabProject07-9-8\d3dx12.h(1549): warning C26451: 산술 오버플로: 4 바이트 값의 '*' 연산자를 사용한 다음 결과를 8 바이트 값에 캐스트합니다. 오버플로를 방지하려면 '*' 연산자를 호출하기 전에 더 광범위한 형식에 값을 캐스트합니다(io.2).
C:\Users\akdl6\OneDrive\문서\GitHub\Senier_Project\senier_project\LabProject07-9-8\d3dx12.h(1588): warning C26451: 산술 오버플로: 4 바이트 값의 '*' 연산자를 사용한 다음 결과를 8 바이트 값에 캐스트합니다. 오버플로를 방지하려면 '*' 연산자를 호출하기 전에 더 광범위한 형식에 값을 캐스트합니다(io.2).
C:\Users\akdl6\OneDrive\문서\GitHub\Senier_Project\senier_project\LabProject07-9-8\d3dx12.h(1814): warning C26451: 산술 오버플로: 4 바이트 값의 '*' 연산자를 사용한 다음 결과를 8 바이트 값에 캐스트합니다. 오버플로를 방지하려면 '*' 연산자를 호출하기 전에 더 광범위한 형식에 값을 캐스트합니다(io.2).
C:\Users\akdl6\OneDrive\문서\GitHub\Senier_Project\senier_project\LabProject07-9-8\d3dx12.h(2017): warning C6001: 초기화되지 않은 메모리 '*pParameters_1_0.DescriptorTable.pDescriptorRanges'을(를) 사용하고 있습니다.
C:\Users\akdl6\OneDrive\문서\GitHub\Senier_Project\senier_project\LabProject07-9-8\GameFramework.cpp(11): warning C26495: 'CGameFramework::m_hWnd' 변수가 초기화되지 않았습니다. 항상 멤버 변수를 초기화하세요(type.6).
C:\Users\akdl6\OneDrive\문서\GitHub\Senier_Project\senier_project\LabProject07-9-8\GameFramework.cpp(55): warning C6031: 반환 값이 무시되었습니다. 'CoInitialize'.
C:\Users\akdl6\OneDrive\문서\GitHub\Senier_Project\senier_project\LabProject07-9-8\GameFramework.cpp(188): warning C6387: 'm_pd3dCommandAllocator'은(는) '0'일 수 있습니다.
C:\Users\akdl6\OneDrive\문서\GitHub\Senier_Project\senier_project\LabProject07-9-8\GameFramework.cpp(606): warning C26451: 산술 오버플로: 4 바이트 값의 '*' 연산자를 사용한 다음 결과를 8 바이트 값에 캐스트합니다. 오버플로를 방지하려면 '*' 연산자를 호출하기 전에 더 광범위한 형식에 값을 캐스트합니다(io.2).
C:\Users\akdl6\OneDrive\문서\GitHub\Senier_Project\senier_project\LabProject07-9-8\LabProject07-9-8.cpp(21): warning C28251: 'wWinMain'에 대한 주석이 일치하지 않습니다. 이 인스턴스에는 주석 없음이(가) 있습니다. c:\program files (x86)\windows kits\10\include\10.0.22621.0\um\winbase.h(1046)을(를) 참조하십시오. 
C:\Users\akdl6\OneDrive\문서\GitHub\Senier_Project\senier_project\LabProject07-9-8\Mesh.cpp(90): warning C6031: 반환 값이 무시되었습니다. 'ReadFile'.
C:\Users\akdl6\OneDrive\문서\GitHub\Senier_Project\senier_project\LabProject07-9-8\Mesh.cpp(86): warning C26451: 산술 오버플로: 4 바이트 값의 '*' 연산자를 사용한 다음 결과를 8 바이트 값에 캐스트합니다. 오버플로를 방지하려면 '*' 연산자를 호출하기 전에 더 광범위한 형식에 값을 캐스트합니다(io.2).
C:\Users\akdl6\OneDrive\문서\GitHub\Senier_Project\senier_project\LabProject07-9-8\Mesh.cpp(93): warning C26451: 산술 오버플로: 4 바이트 값의 '*' 연산자를 사용한 다음 결과를 8 바이트 값에 캐스트합니다. 오버플로를 방지하려면 '*' 연산자를 호출하기 전에 더 광범위한 형식에 값을 캐스트합니다(io.2).
C:\Users\akdl6\OneDrive\문서\GitHub\Senier_Project\senier_project\LabProject07-9-8\Mesh.cpp(244): warning C6386: 'this->m_ppnSubSetIndices[0]'에 쓰는 동안 버퍼 오버런이 발생했습니다.
C:\Users\akdl6\OneDrive\문서\GitHub\Senier_Project\senier_project\LabProject07-9-8\Mesh.cpp(391): warning C26495: 'CStandardMesh::m_d3dTextureCoord0BufferView' 변수가 초기화되지 않았습니다. 항상 멤버 변수를 초기화하세요(type.6).
C:\Users\akdl6\OneDrive\문서\GitHub\Senier_Project\senier_project\LabProject07-9-8\Mesh.cpp(599): warning C26495: 'CSkinnedMesh::m_d3dBoneWeightBufferView' 변수가 초기화되지 않았습니다. 항상 멤버 변수를 초기화하세요(type.6).
C:\Users\akdl6\OneDrive\문서\GitHub\Senier_Project\senier_project\LabProject07-9-8\Object.cpp(12): warning C26495: 'CTexture::m_ppd3dTextureUploadBuffers' 변수가 초기화되지 않았습니다. 항상 멤버 변수를 초기화하세요(type.6).
C:\Users\akdl6\OneDrive\문서\GitHub\Senier_Project\senier_project\LabProject07-9-8\Object.cpp(260): warning C6029: 'fread' 호출에서 버퍼 오버런이 발생할 수 있습니다.
C:\Users\akdl6\OneDrive\문서\GitHub\Senier_Project\senier_project\LabProject07-9-8\Object.cpp(273): warning C26451: 산술 오버플로: 4 바이트 값의 '-' 연산자를 사용한 다음 결과를 8 바이트 값에 캐스트합니다. 오버플로를 방지하려면 '-' 연산자를 호출하기 전에 더 광범위한 형식에 값을 캐스트합니다(io.2).
C:\Users\akdl6\OneDrive\문서\GitHub\Senier_Project\senier_project\LabProject07-9-8\Object.cpp(693): warning C26495: 'CGameObject::m_pstrFrameName' 변수가 초기화되지 않았습니다. 항상 멤버 변수를 초기화하세요(type.6).
C:\Users\akdl6\OneDrive\문서\GitHub\Senier_Project\senier_project\LabProject07-9-8\Object.cpp(1140): warning C6029: 'fread' 호출에서 버퍼 오버런이 발생할 수 있습니다.
C:\Users\akdl6\OneDrive\문서\GitHub\Senier_Project\senier_project\LabProject07-9-8\Object.cpp(1244): warning C6011: NULL 포인터 'pMaterial'을(를) 역참조하고 있습니다. 
C:\Users\akdl6\OneDrive\문서\GitHub\Senier_Project\senier_project\LabProject07-9-8\Object.cpp(1428): warning C6387: 'pInFile'은(는) '0'일 수 있습니다.
C:\Users\akdl6\OneDrive\문서\GitHub\Senier_Project\senier_project\LabProject07-9-8\Player.cpp(12): warning C26495: 'CPlayer::m_ppBullets' 변수가 초기화되지 않았습니다. 항상 멤버 변수를 초기화하세요(type.6).
C:\Users\akdl6\OneDrive\문서\GitHub\Senier_Project\senier_project\LabProject07-9-8\Scene.cpp(20): warning C26495: 'CScene::m_xmf4GlobalAmbient' 변수가 초기화되지 않았습니다. 항상 멤버 변수를 초기화하세요(type.6).
C:\Users\akdl6\OneDrive\문서\GitHub\Senier_Project\senier_project\LabProject07-9-8\Scene.cpp(450): warning C26451: 산술 오버플로: 4 바이트 값의 '*' 연산자를 사용한 다음 결과를 8 바이트 값에 캐스트합니다. 오버플로를 방지하려면 '*' 연산자를 호출하기 전에 더 광범위한 형식에 값을 캐스트합니다(io.2).
C:\Users\akdl6\OneDrive\문서\GitHub\Senier_Project\senier_project\LabProject07-9-8\Scene.cpp(451): warning C26451: 산술 오버플로: 4 바이트 값의 '*' 연산자를 사용한 다음 결과를 8 바이트 값에 캐스트합니다. 오버플로를 방지하려면 '*' 연산자를 호출하기 전에 더 광범위한 형식에 값을 캐스트합니다(io.2).
C:\Users\akdl6\OneDrive\문서\GitHub\Senier_Project\senier_project\LabProject07-9-8\Scene.cpp(462): warning C26451: 산술 오버플로: 4 바이트 값의 '*' 연산자를 사용한 다음 결과를 8 바이트 값에 캐스트합니다. 오버플로를 방지하려면 '*' 연산자를 호출하기 전에 더 광범위한 형식에 값을 캐스트합니다(io.2).
C:\Users\akdl6\OneDrive\문서\GitHub\Senier_Project\senier_project\LabProject07-9-8\Scene.cpp(472): warning C26451: 산술 오버플로: 4 바이트 값의 '*' 연산자를 사용한 다음 결과를 8 바이트 값에 캐스트합니다. 오버플로를 방지하려면 '*' 연산자를 호출하기 전에 더 광범위한 형식에 값을 캐스트합니다(io.2).
C:\Users\akdl6\OneDrive\문서\GitHub\Senier_Project\senier_project\LabProject07-9-8\Scene.cpp(473): warning C26451: 산술 오버플로: 4 바이트 값의 '*' 연산자를 사용한 다음 결과를 8 바이트 값에 캐스트합니다. 오버플로를 방지하려면 '*' 연산자를 호출하기 전에 더 광범위한 형식에 값을 캐스트합니다(io.2).
C:\Users\akdl6\OneDrive\문서\GitHub\Senier_Project\senier_project\LabProject07-9-8\Shader.cpp(8): warning C26495: 'CShader::m_d3dPipelineStateDesc' 변수가 초기화되지 않았습니다. 항상 멤버 변수를 초기화하세요(type.6).
C:\Users\akdl6\OneDrive\문서\GitHub\Senier_Project\senier_project\LabProject07-9-8\Shader.cpp(72): warning C6387: 'pFile'은(는) '0'일 수 있습니다.
C:\Users\akdl6\OneDrive\문서\GitHub\Senier_Project\senier_project\LabProject07-9-8\Shader.cpp(73): warning C6387: 'pFile'은(는) '0'일 수 있습니다.
C:\Users\akdl6\OneDrive\문서\GitHub\Senier_Project\senier_project\LabProject07-9-8\Shader.cpp(75): warning C6387: 'pFile'은(는) '0'일 수 있습니다.
C:\Users\akdl6\OneDrive\문서\GitHub\Senier_Project\senier_project\LabProject07-9-8\Shader.cpp(76): warning C6387: 'pFile'은(는) '0'일 수 있습니다.
C:\Users\akdl6\OneDrive\문서\GitHub\Senier_Project\senier_project\LabProject07-9-8\Shader.cpp(77): warning C6387: 'pFile'은(는) '0'일 수 있습니다.
C:\Users\akdl6\OneDrive\문서\GitHub\Senier_Project\senier_project\LabProject07-9-8\stdafx.cpp(109): warning C6387: 'pd3dBuffer'은(는) '0'일 수 있습니다.
C:\Users\akdl6\OneDrive\문서\GitHub\Senier_Project\senier_project\LabProject07-9-8\stdafx.cpp(206): warning C6387: '*ppd3dUploadBuffer'은(는) '0'일 수 있습니다.
C:\Users\akdl6\OneDrive\문서\GitHub\Senier_Project\senier_project\LabProject07-9-8\stdafx.cpp(288): warning C6387: '*ppd3dUploadBuffer'은(는) '0'일 수 있습니다.
C:\Users\akdl6\OneDrive\문서\GitHub\Senier_Project\senier_project\LabProject07-9-8\Timer.cpp(8): warning C26495: 'CGameTimer::m_nCurrentPerformanceCounter' 변수가 초기화되지 않았습니다. 항상 멤버 변수를 초기화하세요(type.6).
